<?xml version="1.0" ?>
<FlowMonitor>
  <FlowStats>
    <Flow flowId="1" timeFirstTxPacket="+2.05419e+09ns" timeFirstRxPacket="+0ns" timeLastTxPacket="+2.88988e+11ns" timeLastRxPacket="+0ns" delaySum="+0ns" jitterSum="+0ns" lastDelay="+0ns" maxDelay="+0ns" minDelay="+9.22337e+18ns" txBytes="3697780" rxBytes="0" txPackets="3515" rxPackets="0" lostPackets="3515" timesForwarded="0">
      <delayHistogram nBins="0" >
      </delayHistogram>
      <jitterHistogram nBins="0" >
      </jitterHistogram>
      <packetSizeHistogram nBins="0" >
      </packetSizeHistogram>
      <flowInterruptionsHistogram nBins="0" >
      </flowInterruptionsHistogram>
    </Flow>
    <Flow flowId="2" timeFirstTxPacket="+2.22632e+09ns" timeFirstRxPacket="+0ns" timeLastTxPacket="+2.8916e+11ns" timeLastRxPacket="+0ns" delaySum="+0ns" jitterSum="+0ns" lastDelay="+0ns" maxDelay="+0ns" minDelay="+9.22337e+18ns" txBytes="3697780" rxBytes="0" txPackets="3515" rxPackets="0" lostPackets="3515" timesForwarded="0">
      <delayHistogram nBins="0" >
      </delayHistogram>
      <jitterHistogram nBins="0" >
      </jitterHistogram>
      <packetSizeHistogram nBins="0" >
      </packetSizeHistogram>
      <flowInterruptionsHistogram nBins="0" >
      </flowInterruptionsHistogram>
    </Flow>
    <Flow flowId="3" timeFirstTxPacket="+2.31234e+09ns" timeFirstRxPacket="+0ns" timeLastTxPacket="+2.89246e+11ns" timeLastRxPacket="+0ns" delaySum="+0ns" jitterSum="+0ns" lastDelay="+0ns" maxDelay="+0ns" minDelay="+9.22337e+18ns" txBytes="3697780" rxBytes="0" txPackets="3515" rxPackets="0" lostPackets="3515" timesForwarded="0">
      <delayHistogram nBins="0" >
      </delayHistogram>
      <jitterHistogram nBins="0" >
      </jitterHistogram>
      <packetSizeHistogram nBins="0" >
      </packetSizeHistogram>
      <flowInterruptionsHistogram nBins="0" >
      </flowInterruptionsHistogram>
    </Flow>
    <Flow flowId="4" timeFirstTxPacket="+2.5577e+09ns" timeFirstRxPacket="+0ns" timeLastTxPacket="+2.89492e+11ns" timeLastRxPacket="+0ns" delaySum="+0ns" jitterSum="+0ns" lastDelay="+0ns" maxDelay="+0ns" minDelay="+9.22337e+18ns" txBytes="3697780" rxBytes="0" txPackets="3515" rxPackets="0" lostPackets="3515" timesForwarded="0">
      <delayHistogram nBins="0" >
      </delayHistogram>
      <jitterHistogram nBins="0" >
      </jitterHistogram>
      <packetSizeHistogram nBins="0" >
      </packetSizeHistogram>
      <flowInterruptionsHistogram nBins="0" >
      </flowInterruptionsHistogram>
    </Flow>
    <Flow flowId="5" timeFirstTxPacket="+2.66204e+09ns" timeFirstRxPacket="+0ns" timeLastTxPacket="+2.89596e+11ns" timeLastRxPacket="+0ns" delaySum="+0ns" jitterSum="+0ns" lastDelay="+0ns" maxDelay="+0ns" minDelay="+9.22337e+18ns" txBytes="3697780" rxBytes="0" txPackets="3515" rxPackets="0" lostPackets="3515" timesForwarded="0">
      <delayHistogram nBins="0" >
      </delayHistogram>
      <jitterHistogram nBins="0" >
      </jitterHistogram>
      <packetSizeHistogram nBins="0" >
      </packetSizeHistogram>
      <flowInterruptionsHistogram nBins="0" >
      </flowInterruptionsHistogram>
    </Flow>
    <Flow flowId="6" timeFirstTxPacket="+2.66546e+09ns" timeFirstRxPacket="+0ns" timeLastTxPacket="+2.896e+11ns" timeLastRxPacket="+0ns" delaySum="+0ns" jitterSum="+0ns" lastDelay="+0ns" maxDelay="+0ns" minDelay="+9.22337e+18ns" txBytes="3697780" rxBytes="0" txPackets="3515" rxPackets="0" lostPackets="3515" timesForwarded="0">
      <delayHistogram nBins="0" >
      </delayHistogram>
      <jitterHistogram nBins="0" >
      </jitterHistogram>
      <packetSizeHistogram nBins="0" >
      </packetSizeHistogram>
      <flowInterruptionsHistogram nBins="0" >
      </flowInterruptionsHistogram>
    </Flow>
    <Flow flowId="7" timeFirstTxPacket="+2.67496e+09ns" timeFirstRxPacket="+0ns" timeLastTxPacket="+2.89609e+11ns" timeLastRxPacket="+0ns" delaySum="+0ns" jitterSum="+0ns" lastDelay="+0ns" maxDelay="+0ns" minDelay="+9.22337e+18ns" txBytes="3697780" rxBytes="0" txPackets="3515" rxPackets="0" lostPackets="3515" timesForwarded="0">
      <delayHistogram nBins="0" >
      </delayHistogram>
      <jitterHistogram nBins="0" >
      </jitterHistogram>
      <packetSizeHistogram nBins="0" >
      </packetSizeHistogram>
      <flowInterruptionsHistogram nBins="0" >
      </flowInterruptionsHistogram>
    </Flow>
    <Flow flowId="8" timeFirstTxPacket="+2.74764e+09ns" timeFirstRxPacket="+0ns" timeLastTxPacket="+2.89682e+11ns" timeLastRxPacket="+0ns" delaySum="+0ns" jitterSum="+0ns" lastDelay="+0ns" maxDelay="+0ns" minDelay="+9.22337e+18ns" txBytes="3697780" rxBytes="0" txPackets="3515" rxPackets="0" lostPackets="3515" timesForwarded="0">
      <delayHistogram nBins="0" >
      </delayHistogram>
      <jitterHistogram nBins="0" >
      </jitterHistogram>
      <packetSizeHistogram nBins="0" >
      </packetSizeHistogram>
      <flowInterruptionsHistogram nBins="0" >
      </flowInterruptionsHistogram>
    </Flow>
    <Flow flowId="9" timeFirstTxPacket="+2.76348e+09ns" timeFirstRxPacket="+0ns" timeLastTxPacket="+2.89698e+11ns" timeLastRxPacket="+0ns" delaySum="+0ns" jitterSum="+0ns" lastDelay="+0ns" maxDelay="+0ns" minDelay="+9.22337e+18ns" txBytes="3697780" rxBytes="0" txPackets="3515" rxPackets="0" lostPackets="3515" timesForwarded="0">
      <delayHistogram nBins="0" >
      </delayHistogram>
      <jitterHistogram nBins="0" >
      </jitterHistogram>
      <packetSizeHistogram nBins="0" >
      </packetSizeHistogram>
      <flowInterruptionsHistogram nBins="0" >
      </flowInterruptionsHistogram>
    </Flow>
    <Flow flowId="10" timeFirstTxPacket="+2.87218e+09ns" timeFirstRxPacket="+0ns" timeLastTxPacket="+2.89806e+11ns" timeLastRxPacket="+0ns" delaySum="+0ns" jitterSum="+0ns" lastDelay="+0ns" maxDelay="+0ns" minDelay="+9.22337e+18ns" txBytes="3697780" rxBytes="0" txPackets="3515" rxPackets="0" lostPackets="3515" timesForwarded="0">
      <delayHistogram nBins="0" >
      </delayHistogram>
      <jitterHistogram nBins="0" >
      </jitterHistogram>
      <packetSizeHistogram nBins="0" >
      </packetSizeHistogram>
      <flowInterruptionsHistogram nBins="0" >
      </flowInterruptionsHistogram>
    </Flow>
    <Flow flowId="11" timeFirstTxPacket="+2.92673e+09ns" timeFirstRxPacket="+0ns" timeLastTxPacket="+2.89861e+11ns" timeLastRxPacket="+0ns" delaySum="+0ns" jitterSum="+0ns" lastDelay="+0ns" maxDelay="+0ns" minDelay="+9.22337e+18ns" txBytes="3697780" rxBytes="0" txPackets="3515" rxPackets="0" lostPackets="3515" timesForwarded="0">
      <delayHistogram nBins="0" >
      </delayHistogram>
      <jitterHistogram nBins="0" >
      </jitterHistogram>
      <packetSizeHistogram nBins="0" >
      </packetSizeHistogram>
      <flowInterruptionsHistogram nBins="0" >
      </flowInterruptionsHistogram>
    </Flow>
    <Flow flowId="12" timeFirstTxPacket="+2.97248e+09ns" timeFirstRxPacket="+0ns" timeLastTxPacket="+2.89907e+11ns" timeLastRxPacket="+0ns" delaySum="+0ns" jitterSum="+0ns" lastDelay="+0ns" maxDelay="+0ns" minDelay="+9.22337e+18ns" txBytes="3697780" rxBytes="0" txPackets="3515" rxPackets="0" lostPackets="3515" timesForwarded="0">
      <delayHistogram nBins="0" >
      </delayHistogram>
      <jitterHistogram nBins="0" >
      </jitterHistogram>
      <packetSizeHistogram nBins="0" >
      </packetSizeHistogram>
      <flowInterruptionsHistogram nBins="0" >
      </flowInterruptionsHistogram>
    </Flow>
    <Flow flowId="13" timeFirstTxPacket="+2.97301e+09ns" timeFirstRxPacket="+0ns" timeLastTxPacket="+2.89907e+11ns" timeLastRxPacket="+0ns" delaySum="+0ns" jitterSum="+0ns" lastDelay="+0ns" maxDelay="+0ns" minDelay="+9.22337e+18ns" txBytes="3697780" rxBytes="0" txPackets="3515" rxPackets="0" lostPackets="3515" timesForwarded="0">
      <delayHistogram nBins="0" >
      </delayHistogram>
      <jitterHistogram nBins="0" >
      </jitterHistogram>
      <packetSizeHistogram nBins="0" >
      </packetSizeHistogram>
      <flowInterruptionsHistogram nBins="0" >
      </flowInterruptionsHistogram>
    </Flow>
    <Flow flowId="14" timeFirstTxPacket="+3.04349e+09ns" timeFirstRxPacket="+0ns" timeLastTxPacket="+2.89978e+11ns" timeLastRxPacket="+0ns" delaySum="+0ns" jitterSum="+0ns" lastDelay="+0ns" maxDelay="+0ns" minDelay="+9.22337e+18ns" txBytes="3697780" rxBytes="0" txPackets="3515" rxPackets="0" lostPackets="3515" timesForwarded="0">
      <delayHistogram nBins="0" >
      </delayHistogram>
      <jitterHistogram nBins="0" >
      </jitterHistogram>
      <packetSizeHistogram nBins="0" >
      </packetSizeHistogram>
      <flowInterruptionsHistogram nBins="0" >
      </flowInterruptionsHistogram>
    </Flow>
    <Flow flowId="15" timeFirstTxPacket="+3.22503e+09ns" timeFirstRxPacket="+0ns" timeLastTxPacket="+2.89995e+11ns" timeLastRxPacket="+0ns" delaySum="+0ns" jitterSum="+0ns" lastDelay="+0ns" maxDelay="+0ns" minDelay="+9.22337e+18ns" txBytes="3693572" rxBytes="0" txPackets="3511" rxPackets="0" lostPackets="3511" timesForwarded="0">
      <delayHistogram nBins="0" >
      </delayHistogram>
      <jitterHistogram nBins="0" >
      </jitterHistogram>
      <packetSizeHistogram nBins="0" >
      </packetSizeHistogram>
      <flowInterruptionsHistogram nBins="0" >
      </flowInterruptionsHistogram>
    </Flow>
    <Flow flowId="16" timeFirstTxPacket="+3.24994e+09ns" timeFirstRxPacket="+0ns" timeLastTxPacket="+2.89979e+11ns" timeLastRxPacket="+0ns" delaySum="+0ns" jitterSum="+0ns" lastDelay="+0ns" maxDelay="+0ns" minDelay="+9.22337e+18ns" txBytes="3692520" rxBytes="0" txPackets="3510" rxPackets="0" lostPackets="3510" timesForwarded="0">
      <delayHistogram nBins="0" >
      </delayHistogram>
      <jitterHistogram nBins="0" >
      </jitterHistogram>
      <packetSizeHistogram nBins="0" >
      </packetSizeHistogram>
      <flowInterruptionsHistogram nBins="0" >
      </flowInterruptionsHistogram>
    </Flow>
    <Flow flowId="17" timeFirstTxPacket="+3.29048e+09ns" timeFirstRxPacket="+0ns" timeLastTxPacket="+2.89979e+11ns" timeLastRxPacket="+0ns" delaySum="+0ns" jitterSum="+0ns" lastDelay="+0ns" maxDelay="+0ns" minDelay="+9.22337e+18ns" txBytes="3691468" rxBytes="0" txPackets="3509" rxPackets="0" lostPackets="3509" timesForwarded="0">
      <delayHistogram nBins="0" >
      </delayHistogram>
      <jitterHistogram nBins="0" >
      </jitterHistogram>
      <packetSizeHistogram nBins="0" >
      </packetSizeHistogram>
      <flowInterruptionsHistogram nBins="0" >
      </flowInterruptionsHistogram>
    </Flow>
    <Flow flowId="18" timeFirstTxPacket="+3.49458e+09ns" timeFirstRxPacket="+0ns" timeLastTxPacket="+2.89978e+11ns" timeLastRxPacket="+0ns" delaySum="+0ns" jitterSum="+0ns" lastDelay="+0ns" maxDelay="+0ns" minDelay="+9.22337e+18ns" txBytes="3686208" rxBytes="0" txPackets="3504" rxPackets="0" lostPackets="3504" timesForwarded="0">
      <delayHistogram nBins="0" >
      </delayHistogram>
      <jitterHistogram nBins="0" >
      </jitterHistogram>
      <packetSizeHistogram nBins="0" >
      </packetSizeHistogram>
      <flowInterruptionsHistogram nBins="0" >
      </flowInterruptionsHistogram>
    </Flow>
    <Flow flowId="19" timeFirstTxPacket="+3.49856e+09ns" timeFirstRxPacket="+0ns" timeLastTxPacket="+2.89982e+11ns" timeLastRxPacket="+0ns" delaySum="+0ns" jitterSum="+0ns" lastDelay="+0ns" maxDelay="+0ns" minDelay="+9.22337e+18ns" txBytes="3686208" rxBytes="0" txPackets="3504" rxPackets="0" lostPackets="3504" timesForwarded="0">
      <delayHistogram nBins="0" >
      </delayHistogram>
      <jitterHistogram nBins="0" >
      </jitterHistogram>
      <packetSizeHistogram nBins="0" >
      </packetSizeHistogram>
      <flowInterruptionsHistogram nBins="0" >
      </flowInterruptionsHistogram>
    </Flow>
    <Flow flowId="20" timeFirstTxPacket="+3.53947e+09ns" timeFirstRxPacket="+0ns" timeLastTxPacket="+2.89982e+11ns" timeLastRxPacket="+0ns" delaySum="+0ns" jitterSum="+0ns" lastDelay="+0ns" maxDelay="+0ns" minDelay="+9.22337e+18ns" txBytes="3685156" rxBytes="0" txPackets="3503" rxPackets="0" lostPackets="3503" timesForwarded="0">
      <delayHistogram nBins="0" >
      </delayHistogram>
      <jitterHistogram nBins="0" >
      </jitterHistogram>
      <packetSizeHistogram nBins="0" >
      </packetSizeHistogram>
      <flowInterruptionsHistogram nBins="0" >
      </flowInterruptionsHistogram>
    </Flow>
    <Flow flowId="21" timeFirstTxPacket="+3.64504e+09ns" timeFirstRxPacket="+0ns" timeLastTxPacket="+2.89965e+11ns" timeLastRxPacket="+0ns" delaySum="+0ns" jitterSum="+0ns" lastDelay="+0ns" maxDelay="+0ns" minDelay="+9.22337e+18ns" txBytes="3682000" rxBytes="0" txPackets="3500" rxPackets="0" lostPackets="3500" timesForwarded="0">
      <delayHistogram nBins="0" >
      </delayHistogram>
      <jitterHistogram nBins="0" >
      </jitterHistogram>
      <packetSizeHistogram nBins="0" >
      </packetSizeHistogram>
      <flowInterruptionsHistogram nBins="0" >
      </flowInterruptionsHistogram>
    </Flow>
    <Flow flowId="22" timeFirstTxPacket="+3.68339e+09ns" timeFirstRxPacket="+0ns" timeLastTxPacket="+2.89962e+11ns" timeLastRxPacket="+0ns" delaySum="+0ns" jitterSum="+0ns" lastDelay="+0ns" maxDelay="+0ns" minDelay="+9.22337e+18ns" txBytes="3680948" rxBytes="0" txPackets="3499" rxPackets="0" lostPackets="3499" timesForwarded="0">
      <delayHistogram nBins="0" >
      </delayHistogram>
      <jitterHistogram nBins="0" >
      </jitterHistogram>
      <packetSizeHistogram nBins="0" >
      </packetSizeHistogram>
      <flowInterruptionsHistogram nBins="0" >
      </flowInterruptionsHistogram>
    </Flow>
    <Flow flowId="23" timeFirstTxPacket="+3.69554e+09ns" timeFirstRxPacket="+0ns" timeLastTxPacket="+2.89974e+11ns" timeLastRxPacket="+0ns" delaySum="+0ns" jitterSum="+0ns" lastDelay="+0ns" maxDelay="+0ns" minDelay="+9.22337e+18ns" txBytes="3680948" rxBytes="0" txPackets="3499" rxPackets="0" lostPackets="3499" timesForwarded="0">
      <delayHistogram nBins="0" >
      </delayHistogram>
      <jitterHistogram nBins="0" >
      </jitterHistogram>
      <packetSizeHistogram nBins="0" >
      </packetSizeHistogram>
      <flowInterruptionsHistogram nBins="0" >
      </flowInterruptionsHistogram>
    </Flow>
    <Flow flowId="24" timeFirstTxPacket="+3.77108e+09ns" timeFirstRxPacket="+0ns" timeLastTxPacket="+2.89968e+11ns" timeLastRxPacket="+0ns" delaySum="+0ns" jitterSum="+0ns" lastDelay="+0ns" maxDelay="+0ns" minDelay="+9.22337e+18ns" txBytes="3678844" rxBytes="0" txPackets="3497" rxPackets="0" lostPackets="3497" timesForwarded="0">
      <delayHistogram nBins="0" >
      </delayHistogram>
      <jitterHistogram nBins="0" >
      </jitterHistogram>
      <packetSizeHistogram nBins="0" >
      </packetSizeHistogram>
      <flowInterruptionsHistogram nBins="0" >
      </flowInterruptionsHistogram>
    </Flow>
    <Flow flowId="25" timeFirstTxPacket="+3.77281e+09ns" timeFirstRxPacket="+0ns" timeLastTxPacket="+2.8997e+11ns" timeLastRxPacket="+0ns" delaySum="+0ns" jitterSum="+0ns" lastDelay="+0ns" maxDelay="+0ns" minDelay="+9.22337e+18ns" txBytes="3678844" rxBytes="0" txPackets="3497" rxPackets="0" lostPackets="3497" timesForwarded="0">
      <delayHistogram nBins="0" >
      </delayHistogram>
      <jitterHistogram nBins="0" >
      </jitterHistogram>
      <packetSizeHistogram nBins="0" >
      </packetSizeHistogram>
      <flowInterruptionsHistogram nBins="0" >
      </flowInterruptionsHistogram>
    </Flow>
    <Flow flowId="26" timeFirstTxPacket="+3.82951e+09ns" timeFirstRxPacket="+0ns" timeLastTxPacket="+2.89985e+11ns" timeLastRxPacket="+0ns" delaySum="+0ns" jitterSum="+0ns" lastDelay="+0ns" maxDelay="+0ns" minDelay="+9.22337e+18ns" txBytes="3677792" rxBytes="0" txPackets="3496" rxPackets="0" lostPackets="3496" timesForwarded="0">
      <delayHistogram nBins="0" >
      </delayHistogram>
      <jitterHistogram nBins="0" >
      </jitterHistogram>
      <packetSizeHistogram nBins="0" >
      </packetSizeHistogram>
      <flowInterruptionsHistogram nBins="0" >
      </flowInterruptionsHistogram>
    </Flow>
    <Flow flowId="27" timeFirstTxPacket="+3.93181e+09ns" timeFirstRxPacket="+0ns" timeLastTxPacket="+2.89965e+11ns" timeLastRxPacket="+0ns" delaySum="+0ns" jitterSum="+0ns" lastDelay="+0ns" maxDelay="+0ns" minDelay="+9.22337e+18ns" txBytes="3674636" rxBytes="0" txPackets="3493" rxPackets="0" lostPackets="3493" timesForwarded="0">
      <delayHistogram nBins="0" >
      </delayHistogram>
      <jitterHistogram nBins="0" >
      </jitterHistogram>
      <packetSizeHistogram nBins="0" >
      </packetSizeHistogram>
      <flowInterruptionsHistogram nBins="0" >
      </flowInterruptionsHistogram>
    </Flow>
    <Flow flowId="28" timeFirstTxPacket="+3.93194e+09ns" timeFirstRxPacket="+0ns" timeLastTxPacket="+2.89965e+11ns" timeLastRxPacket="+0ns" delaySum="+0ns" jitterSum="+0ns" lastDelay="+0ns" maxDelay="+0ns" minDelay="+9.22337e+18ns" txBytes="3674636" rxBytes="0" txPackets="3493" rxPackets="0" lostPackets="3493" timesForwarded="0">
      <delayHistogram nBins="0" >
      </delayHistogram>
      <jitterHistogram nBins="0" >
      </jitterHistogram>
      <packetSizeHistogram nBins="0" >
      </packetSizeHistogram>
      <flowInterruptionsHistogram nBins="0" >
      </flowInterruptionsHistogram>
    </Flow>
    <Flow flowId="29" timeFirstTxPacket="+4.38258e+09ns" timeFirstRxPacket="+0ns" timeLastTxPacket="+2.89334e+11ns" timeLastRxPacket="+0ns" delaySum="+0ns" jitterSum="+0ns" lastDelay="+0ns" maxDelay="+0ns" minDelay="+9.22337e+18ns" txBytes="3672532" rxBytes="0" txPackets="3491" rxPackets="0" lostPackets="3491" timesForwarded="0">
      <delayHistogram nBins="0" >
      </delayHistogram>
      <jitterHistogram nBins="0" >
      </jitterHistogram>
      <packetSizeHistogram nBins="0" >
      </packetSizeHistogram>
      <flowInterruptionsHistogram nBins="0" >
      </flowInterruptionsHistogram>
    </Flow>
    <Flow flowId="30" timeFirstTxPacket="+4.49383e+09ns" timeFirstRxPacket="+0ns" timeLastTxPacket="+2.89445e+11ns" timeLastRxPacket="+0ns" delaySum="+0ns" jitterSum="+0ns" lastDelay="+0ns" maxDelay="+0ns" minDelay="+9.22337e+18ns" txBytes="3672532" rxBytes="0" txPackets="3491" rxPackets="0" lostPackets="3491" timesForwarded="0">
      <delayHistogram nBins="0" >
      </delayHistogram>
      <jitterHistogram nBins="0" >
      </jitterHistogram>
      <packetSizeHistogram nBins="0" >
      </packetSizeHistogram>
      <flowInterruptionsHistogram nBins="0" >
      </flowInterruptionsHistogram>
    </Flow>
    <Flow flowId="31" timeFirstTxPacket="+4.5321e+09ns" timeFirstRxPacket="+0ns" timeLastTxPacket="+2.89483e+11ns" timeLastRxPacket="+0ns" delaySum="+0ns" jitterSum="+0ns" lastDelay="+0ns" maxDelay="+0ns" minDelay="+9.22337e+18ns" txBytes="3672532" rxBytes="0" txPackets="3491" rxPackets="0" lostPackets="3491" timesForwarded="0">
      <delayHistogram nBins="0" >
      </delayHistogram>
      <jitterHistogram nBins="0" >
      </jitterHistogram>
      <packetSizeHistogram nBins="0" >
      </packetSizeHistogram>
      <flowInterruptionsHistogram nBins="0" >
      </flowInterruptionsHistogram>
    </Flow>
    <Flow flowId="32" timeFirstTxPacket="+4.58545e+09ns" timeFirstRxPacket="+0ns" timeLastTxPacket="+2.89537e+11ns" timeLastRxPacket="+0ns" delaySum="+0ns" jitterSum="+0ns" lastDelay="+0ns" maxDelay="+0ns" minDelay="+9.22337e+18ns" txBytes="3672532" rxBytes="0" txPackets="3491" rxPackets="0" lostPackets="3491" timesForwarded="0">
      <delayHistogram nBins="0" >
      </delayHistogram>
      <jitterHistogram nBins="0" >
      </jitterHistogram>
      <packetSizeHistogram nBins="0" >
      </packetSizeHistogram>
      <flowInterruptionsHistogram nBins="0" >
      </flowInterruptionsHistogram>
    </Flow>
    <Flow flowId="33" timeFirstTxPacket="+4.67566e+09ns" timeFirstRxPacket="+0ns" timeLastTxPacket="+2.89627e+11ns" timeLastRxPacket="+0ns" delaySum="+0ns" jitterSum="+0ns" lastDelay="+0ns" maxDelay="+0ns" minDelay="+9.22337e+18ns" txBytes="3672532" rxBytes="0" txPackets="3491" rxPackets="0" lostPackets="3491" timesForwarded="0">
      <delayHistogram nBins="0" >
      </delayHistogram>
      <jitterHistogram nBins="0" >
      </jitterHistogram>
      <packetSizeHistogram nBins="0" >
      </packetSizeHistogram>
      <flowInterruptionsHistogram nBins="0" >
      </flowInterruptionsHistogram>
    </Flow>
    <Flow flowId="34" timeFirstTxPacket="+4.70718e+09ns" timeFirstRxPacket="+0ns" timeLastTxPacket="+2.89658e+11ns" timeLastRxPacket="+0ns" delaySum="+0ns" jitterSum="+0ns" lastDelay="+0ns" maxDelay="+0ns" minDelay="+9.22337e+18ns" txBytes="3672532" rxBytes="0" txPackets="3491" rxPackets="0" lostPackets="3491" timesForwarded="0">
      <delayHistogram nBins="0" >
      </delayHistogram>
      <jitterHistogram nBins="0" >
      </jitterHistogram>
      <packetSizeHistogram nBins="0" >
      </packetSizeHistogram>
      <flowInterruptionsHistogram nBins="0" >
      </flowInterruptionsHistogram>
    </Flow>
    <Flow flowId="35" timeFirstTxPacket="+4.72048e+09ns" timeFirstRxPacket="+0ns" timeLastTxPacket="+2.89672e+11ns" timeLastRxPacket="+0ns" delaySum="+0ns" jitterSum="+0ns" lastDelay="+0ns" maxDelay="+0ns" minDelay="+9.22337e+18ns" txBytes="3672532" rxBytes="0" txPackets="3491" rxPackets="0" lostPackets="3491" timesForwarded="0">
      <delayHistogram nBins="0" >
      </delayHistogram>
      <jitterHistogram nBins="0" >
      </jitterHistogram>
      <packetSizeHistogram nBins="0" >
      </packetSizeHistogram>
      <flowInterruptionsHistogram nBins="0" >
      </flowInterruptionsHistogram>
    </Flow>
    <Flow flowId="36" timeFirstTxPacket="+4.75373e+09ns" timeFirstRxPacket="+0ns" timeLastTxPacket="+2.89705e+11ns" timeLastRxPacket="+0ns" delaySum="+0ns" jitterSum="+0ns" lastDelay="+0ns" maxDelay="+0ns" minDelay="+9.22337e+18ns" txBytes="3672532" rxBytes="0" txPackets="3491" rxPackets="0" lostPackets="3491" timesForwarded="0">
      <delayHistogram nBins="0" >
      </delayHistogram>
      <jitterHistogram nBins="0" >
      </jitterHistogram>
      <packetSizeHistogram nBins="0" >
      </packetSizeHistogram>
      <flowInterruptionsHistogram nBins="0" >
      </flowInterruptionsHistogram>
    </Flow>
    <Flow flowId="37" timeFirstTxPacket="+4.76486e+09ns" timeFirstRxPacket="+0ns" timeLastTxPacket="+2.89716e+11ns" timeLastRxPacket="+0ns" delaySum="+0ns" jitterSum="+0ns" lastDelay="+0ns" maxDelay="+0ns" minDelay="+9.22337e+18ns" txBytes="3672532" rxBytes="0" txPackets="3491" rxPackets="0" lostPackets="3491" timesForwarded="0">
      <delayHistogram nBins="0" >
      </delayHistogram>
      <jitterHistogram nBins="0" >
      </jitterHistogram>
      <packetSizeHistogram nBins="0" >
      </packetSizeHistogram>
      <flowInterruptionsHistogram nBins="0" >
      </flowInterruptionsHistogram>
    </Flow>
    <Flow flowId="38" timeFirstTxPacket="+4.82667e+09ns" timeFirstRxPacket="+0ns" timeLastTxPacket="+2.89778e+11ns" timeLastRxPacket="+0ns" delaySum="+0ns" jitterSum="+0ns" lastDelay="+0ns" maxDelay="+0ns" minDelay="+9.22337e+18ns" txBytes="3672532" rxBytes="0" txPackets="3491" rxPackets="0" lostPackets="3491" timesForwarded="0">
      <delayHistogram nBins="0" >
      </delayHistogram>
      <jitterHistogram nBins="0" >
      </jitterHistogram>
      <packetSizeHistogram nBins="0" >
      </packetSizeHistogram>
      <flowInterruptionsHistogram nBins="0" >
      </flowInterruptionsHistogram>
    </Flow>
    <Flow flowId="39" timeFirstTxPacket="+4.83608e+09ns" timeFirstRxPacket="+0ns" timeLastTxPacket="+2.89787e+11ns" timeLastRxPacket="+0ns" delaySum="+0ns" jitterSum="+0ns" lastDelay="+0ns" maxDelay="+0ns" minDelay="+9.22337e+18ns" txBytes="3672532" rxBytes="0" txPackets="3491" rxPackets="0" lostPackets="3491" timesForwarded="0">
      <delayHistogram nBins="0" >
      </delayHistogram>
      <jitterHistogram nBins="0" >
      </jitterHistogram>
      <packetSizeHistogram nBins="0" >
      </packetSizeHistogram>
      <flowInterruptionsHistogram nBins="0" >
      </flowInterruptionsHistogram>
    </Flow>
    <Flow flowId="40" timeFirstTxPacket="+4.88118e+09ns" timeFirstRxPacket="+0ns" timeLastTxPacket="+2.89832e+11ns" timeLastRxPacket="+0ns" delaySum="+0ns" jitterSum="+0ns" lastDelay="+0ns" maxDelay="+0ns" minDelay="+9.22337e+18ns" txBytes="3672532" rxBytes="0" txPackets="3491" rxPackets="0" lostPackets="3491" timesForwarded="0">
      <delayHistogram nBins="0" >
      </delayHistogram>
      <jitterHistogram nBins="0" >
      </jitterHistogram>
      <packetSizeHistogram nBins="0" >
      </packetSizeHistogram>
      <flowInterruptionsHistogram nBins="0" >
      </flowInterruptionsHistogram>
    </Flow>
    <Flow flowId="41" timeFirstTxPacket="+4.90242e+09ns" timeFirstRxPacket="+0ns" timeLastTxPacket="+2.89854e+11ns" timeLastRxPacket="+0ns" delaySum="+0ns" jitterSum="+0ns" lastDelay="+0ns" maxDelay="+0ns" minDelay="+9.22337e+18ns" txBytes="3672532" rxBytes="0" txPackets="3491" rxPackets="0" lostPackets="3491" timesForwarded="0">
      <delayHistogram nBins="0" >
      </delayHistogram>
      <jitterHistogram nBins="0" >
      </jitterHistogram>
      <packetSizeHistogram nBins="0" >
      </packetSizeHistogram>
      <flowInterruptionsHistogram nBins="0" >
      </flowInterruptionsHistogram>
    </Flow>
    <Flow flowId="42" timeFirstTxPacket="+4.92238e+09ns" timeFirstRxPacket="+0ns" timeLastTxPacket="+2.89873e+11ns" timeLastRxPacket="+0ns" delaySum="+0ns" jitterSum="+0ns" lastDelay="+0ns" maxDelay="+0ns" minDelay="+9.22337e+18ns" txBytes="3672532" rxBytes="0" txPackets="3491" rxPackets="0" lostPackets="3491" timesForwarded="0">
      <delayHistogram nBins="0" >
      </delayHistogram>
      <jitterHistogram nBins="0" >
      </jitterHistogram>
      <packetSizeHistogram nBins="0" >
      </packetSizeHistogram>
      <flowInterruptionsHistogram nBins="0" >
      </flowInterruptionsHistogram>
    </Flow>
    <Flow flowId="43" timeFirstTxPacket="+4.95938e+09ns" timeFirstRxPacket="+0ns" timeLastTxPacket="+2.8991e+11ns" timeLastRxPacket="+0ns" delaySum="+0ns" jitterSum="+0ns" lastDelay="+0ns" maxDelay="+0ns" minDelay="+9.22337e+18ns" txBytes="3672532" rxBytes="0" txPackets="3491" rxPackets="0" lostPackets="3491" timesForwarded="0">
      <delayHistogram nBins="0" >
      </delayHistogram>
      <jitterHistogram nBins="0" >
      </jitterHistogram>
      <packetSizeHistogram nBins="0" >
      </packetSizeHistogram>
      <flowInterruptionsHistogram nBins="0" >
      </flowInterruptionsHistogram>
    </Flow>
    <Flow flowId="44" timeFirstTxPacket="+5.12942e+09ns" timeFirstRxPacket="+0ns" timeLastTxPacket="+2.89999e+11ns" timeLastRxPacket="+0ns" delaySum="+0ns" jitterSum="+0ns" lastDelay="+0ns" maxDelay="+0ns" minDelay="+9.22337e+18ns" txBytes="3670428" rxBytes="0" txPackets="3489" rxPackets="0" lostPackets="3489" timesForwarded="0">
      <delayHistogram nBins="0" >
      </delayHistogram>
      <jitterHistogram nBins="0" >
      </jitterHistogram>
      <packetSizeHistogram nBins="0" >
      </packetSizeHistogram>
      <flowInterruptionsHistogram nBins="0" >
      </flowInterruptionsHistogram>
    </Flow>
    <Flow flowId="45" timeFirstTxPacket="+5.21274e+09ns" timeFirstRxPacket="+0ns" timeLastTxPacket="+2.89959e+11ns" timeLastRxPacket="+0ns" delaySum="+0ns" jitterSum="+0ns" lastDelay="+0ns" maxDelay="+0ns" minDelay="+9.22337e+18ns" txBytes="3667272" rxBytes="0" txPackets="3486" rxPackets="0" lostPackets="3486" timesForwarded="0">
      <delayHistogram nBins="0" >
      </delayHistogram>
      <jitterHistogram nBins="0" >
      </jitterHistogram>
      <packetSizeHistogram nBins="0" >
      </packetSizeHistogram>
      <flowInterruptionsHistogram nBins="0" >
      </flowInterruptionsHistogram>
    </Flow>
    <Flow flowId="46" timeFirstTxPacket="+5.26366e+09ns" timeFirstRxPacket="+0ns" timeLastTxPacket="+2.89969e+11ns" timeLastRxPacket="+0ns" delaySum="+0ns" jitterSum="+0ns" lastDelay="+0ns" maxDelay="+0ns" minDelay="+9.22337e+18ns" txBytes="3666220" rxBytes="0" txPackets="3485" rxPackets="0" lostPackets="3485" timesForwarded="0">
      <delayHistogram nBins="0" >
      </delayHistogram>
      <jitterHistogram nBins="0" >
      </jitterHistogram>
      <packetSizeHistogram nBins="0" >
      </packetSizeHistogram>
      <flowInterruptionsHistogram nBins="0" >
      </flowInterruptionsHistogram>
    </Flow>
    <Flow flowId="47" timeFirstTxPacket="+5.34223e+09ns" timeFirstRxPacket="+0ns" timeLastTxPacket="+2.89966e+11ns" timeLastRxPacket="+0ns" delaySum="+0ns" jitterSum="+0ns" lastDelay="+0ns" maxDelay="+0ns" minDelay="+9.22337e+18ns" txBytes="3664116" rxBytes="0" txPackets="3483" rxPackets="0" lostPackets="3483" timesForwarded="0">
      <delayHistogram nBins="0" >
      </delayHistogram>
      <jitterHistogram nBins="0" >
      </jitterHistogram>
      <packetSizeHistogram nBins="0" >
      </packetSizeHistogram>
      <flowInterruptionsHistogram nBins="0" >
      </flowInterruptionsHistogram>
    </Flow>
    <Flow flowId="48" timeFirstTxPacket="+5.34584e+09ns" timeFirstRxPacket="+0ns" timeLastTxPacket="+2.89969e+11ns" timeLastRxPacket="+0ns" delaySum="+0ns" jitterSum="+0ns" lastDelay="+0ns" maxDelay="+0ns" minDelay="+9.22337e+18ns" txBytes="3664116" rxBytes="0" txPackets="3483" rxPackets="0" lostPackets="3483" timesForwarded="0">
      <delayHistogram nBins="0" >
      </delayHistogram>
      <jitterHistogram nBins="0" >
      </jitterHistogram>
      <packetSizeHistogram nBins="0" >
      </packetSizeHistogram>
      <flowInterruptionsHistogram nBins="0" >
      </flowInterruptionsHistogram>
    </Flow>
    <Flow flowId="49" timeFirstTxPacket="+5.39711e+09ns" timeFirstRxPacket="+0ns" timeLastTxPacket="+2.8998e+11ns" timeLastRxPacket="+0ns" delaySum="+0ns" jitterSum="+0ns" lastDelay="+0ns" maxDelay="+0ns" minDelay="+9.22337e+18ns" txBytes="3663064" rxBytes="0" txPackets="3482" rxPackets="0" lostPackets="3482" timesForwarded="0">
      <delayHistogram nBins="0" >
      </delayHistogram>
      <jitterHistogram nBins="0" >
      </jitterHistogram>
      <packetSizeHistogram nBins="0" >
      </packetSizeHistogram>
      <flowInterruptionsHistogram nBins="0" >
      </flowInterruptionsHistogram>
    </Flow>
    <Flow flowId="50" timeFirstTxPacket="+5.8055e+09ns" timeFirstRxPacket="+0ns" timeLastTxPacket="+2.89978e+11ns" timeLastRxPacket="+0ns" delaySum="+0ns" jitterSum="+0ns" lastDelay="+0ns" maxDelay="+0ns" minDelay="+9.22337e+18ns" txBytes="3652544" rxBytes="0" txPackets="3472" rxPackets="0" lostPackets="3472" timesForwarded="0">
      <delayHistogram nBins="0" >
      </delayHistogram>
      <jitterHistogram nBins="0" >
      </jitterHistogram>
      <packetSizeHistogram nBins="0" >
      </packetSizeHistogram>
      <flowInterruptionsHistogram nBins="0" >
      </flowInterruptionsHistogram>
    </Flow>
  </FlowStats>
  <Ipv4FlowClassifier>
    <Flow flowId="17" sourceAddress="10.1.1.1" destinationAddress="10.1.1.15" protocol="17" sourcePort="49153" destinationPort="9">
      <Dscp value="0x0" packets="3509" />
    </Flow>
    <Flow flowId="10" sourceAddress="10.1.1.2" destinationAddress="10.1.1.33" protocol="17" sourcePort="49153" destinationPort="9">
      <Dscp value="0x0" packets="3515" />
    </Flow>
    <Flow flowId="31" sourceAddress="10.1.1.3" destinationAddress="10.1.1.25" protocol="17" sourcePort="49153" destinationPort="9">
      <Dscp value="0x0" packets="3491" />
    </Flow>
    <Flow flowId="42" sourceAddress="10.1.1.4" destinationAddress="10.1.1.45" protocol="17" sourcePort="49153" destinationPort="9">
      <Dscp value="0x0" packets="3491" />
    </Flow>
    <Flow flowId="32" sourceAddress="10.1.1.5" destinationAddress="10.1.1.13" protocol="17" sourcePort="49153" destinationPort="9">
      <Dscp value="0x0" packets="3491" />
    </Flow>
    <Flow flowId="46" sourceAddress="10.1.1.6" destinationAddress="10.1.1.38" protocol="17" sourcePort="49153" destinationPort="9">
      <Dscp value="0x0" packets="3485" />
    </Flow>
    <Flow flowId="37" sourceAddress="10.1.1.7" destinationAddress="10.1.1.14" protocol="17" sourcePort="49153" destinationPort="9">
      <Dscp value="0x0" packets="3491" />
    </Flow>
    <Flow flowId="9" sourceAddress="10.1.1.8" destinationAddress="10.1.1.19" protocol="17" sourcePort="49153" destinationPort="9">
      <Dscp value="0x0" packets="3515" />
    </Flow>
    <Flow flowId="8" sourceAddress="10.1.1.9" destinationAddress="10.1.1.14" protocol="17" sourcePort="49153" destinationPort="9">
      <Dscp value="0x0" packets="3515" />
    </Flow>
    <Flow flowId="19" sourceAddress="10.1.1.10" destinationAddress="10.1.1.24" protocol="17" sourcePort="49153" destinationPort="9">
      <Dscp value="0x0" packets="3504" />
    </Flow>
    <Flow flowId="40" sourceAddress="10.1.1.11" destinationAddress="10.1.1.7" protocol="17" sourcePort="49153" destinationPort="9">
      <Dscp value="0x0" packets="3491" />
    </Flow>
    <Flow flowId="5" sourceAddress="10.1.1.12" destinationAddress="10.1.1.17" protocol="17" sourcePort="49153" destinationPort="9">
      <Dscp value="0x0" packets="3515" />
    </Flow>
    <Flow flowId="49" sourceAddress="10.1.1.13" destinationAddress="10.1.1.19" protocol="17" sourcePort="49153" destinationPort="9">
      <Dscp value="0x0" packets="3482" />
    </Flow>
    <Flow flowId="44" sourceAddress="10.1.1.14" destinationAddress="10.1.1.44" protocol="17" sourcePort="49153" destinationPort="9">
      <Dscp value="0x0" packets="3489" />
    </Flow>
    <Flow flowId="30" sourceAddress="10.1.1.15" destinationAddress="10.1.1.40" protocol="17" sourcePort="49153" destinationPort="9">
      <Dscp value="0x0" packets="3491" />
    </Flow>
    <Flow flowId="48" sourceAddress="10.1.1.16" destinationAddress="10.1.1.4" protocol="17" sourcePort="49153" destinationPort="9">
      <Dscp value="0x0" packets="3483" />
    </Flow>
    <Flow flowId="6" sourceAddress="10.1.1.17" destinationAddress="10.1.1.35" protocol="17" sourcePort="49153" destinationPort="9">
      <Dscp value="0x0" packets="3515" />
    </Flow>
    <Flow flowId="33" sourceAddress="10.1.1.18" destinationAddress="10.1.1.49" protocol="17" sourcePort="49153" destinationPort="9">
      <Dscp value="0x0" packets="3491" />
    </Flow>
    <Flow flowId="23" sourceAddress="10.1.1.19" destinationAddress="10.1.1.15" protocol="17" sourcePort="49153" destinationPort="9">
      <Dscp value="0x0" packets="3499" />
    </Flow>
    <Flow flowId="24" sourceAddress="10.1.1.20" destinationAddress="10.1.1.33" protocol="17" sourcePort="49153" destinationPort="9">
      <Dscp value="0x0" packets="3497" />
    </Flow>
    <Flow flowId="3" sourceAddress="10.1.1.21" destinationAddress="10.1.1.22" protocol="17" sourcePort="49153" destinationPort="9">
      <Dscp value="0x0" packets="3515" />
    </Flow>
    <Flow flowId="21" sourceAddress="10.1.1.22" destinationAddress="10.1.1.7" protocol="17" sourcePort="49153" destinationPort="9">
      <Dscp value="0x0" packets="3500" />
    </Flow>
    <Flow flowId="14" sourceAddress="10.1.1.23" destinationAddress="10.1.1.42" protocol="17" sourcePort="49153" destinationPort="9">
      <Dscp value="0x0" packets="3515" />
    </Flow>
    <Flow flowId="15" sourceAddress="10.1.1.24" destinationAddress="10.1.1.49" protocol="17" sourcePort="49153" destinationPort="9">
      <Dscp value="0x0" packets="3511" />
    </Flow>
    <Flow flowId="45" sourceAddress="10.1.1.25" destinationAddress="10.1.1.26" protocol="17" sourcePort="49153" destinationPort="9">
      <Dscp value="0x0" packets="3486" />
    </Flow>
    <Flow flowId="29" sourceAddress="10.1.1.26" destinationAddress="10.1.1.34" protocol="17" sourcePort="49153" destinationPort="9">
      <Dscp value="0x0" packets="3491" />
    </Flow>
    <Flow flowId="47" sourceAddress="10.1.1.27" destinationAddress="10.1.1.34" protocol="17" sourcePort="49153" destinationPort="9">
      <Dscp value="0x0" packets="3483" />
    </Flow>
    <Flow flowId="22" sourceAddress="10.1.1.28" destinationAddress="10.1.1.43" protocol="17" sourcePort="49153" destinationPort="9">
      <Dscp value="0x0" packets="3499" />
    </Flow>
    <Flow flowId="26" sourceAddress="10.1.1.29" destinationAddress="10.1.1.46" protocol="17" sourcePort="49153" destinationPort="9">
      <Dscp value="0x0" packets="3496" />
    </Flow>
    <Flow flowId="39" sourceAddress="10.1.1.30" destinationAddress="10.1.1.23" protocol="17" sourcePort="49153" destinationPort="9">
      <Dscp value="0x0" packets="3491" />
    </Flow>
    <Flow flowId="35" sourceAddress="10.1.1.31" destinationAddress="10.1.1.39" protocol="17" sourcePort="49153" destinationPort="9">
      <Dscp value="0x0" packets="3491" />
    </Flow>
    <Flow flowId="12" sourceAddress="10.1.1.32" destinationAddress="10.1.1.5" protocol="17" sourcePort="49153" destinationPort="9">
      <Dscp value="0x0" packets="3515" />
    </Flow>
    <Flow flowId="34" sourceAddress="10.1.1.33" destinationAddress="10.1.1.23" protocol="17" sourcePort="49153" destinationPort="9">
      <Dscp value="0x0" packets="3491" />
    </Flow>
    <Flow flowId="38" sourceAddress="10.1.1.34" destinationAddress="10.1.1.14" protocol="17" sourcePort="49153" destinationPort="9">
      <Dscp value="0x0" packets="3491" />
    </Flow>
    <Flow flowId="20" sourceAddress="10.1.1.35" destinationAddress="10.1.1.41" protocol="17" sourcePort="49153" destinationPort="9">
      <Dscp value="0x0" packets="3503" />
    </Flow>
    <Flow flowId="11" sourceAddress="10.1.1.36" destinationAddress="10.1.1.14" protocol="17" sourcePort="49153" destinationPort="9">
      <Dscp value="0x0" packets="3515" />
    </Flow>
    <Flow flowId="41" sourceAddress="10.1.1.37" destinationAddress="10.1.1.29" protocol="17" sourcePort="49153" destinationPort="9">
      <Dscp value="0x0" packets="3491" />
    </Flow>
    <Flow flowId="7" sourceAddress="10.1.1.38" destinationAddress="10.1.1.34" protocol="17" sourcePort="49153" destinationPort="9">
      <Dscp value="0x0" packets="3515" />
    </Flow>
    <Flow flowId="16" sourceAddress="10.1.1.39" destinationAddress="10.1.1.26" protocol="17" sourcePort="49153" destinationPort="9">
      <Dscp value="0x0" packets="3510" />
    </Flow>
    <Flow flowId="18" sourceAddress="10.1.1.40" destinationAddress="10.1.1.20" protocol="17" sourcePort="49153" destinationPort="9">
      <Dscp value="0x0" packets="3504" />
    </Flow>
    <Flow flowId="13" sourceAddress="10.1.1.41" destinationAddress="10.1.1.45" protocol="17" sourcePort="49153" destinationPort="9">
      <Dscp value="0x0" packets="3515" />
    </Flow>
    <Flow flowId="2" sourceAddress="10.1.1.42" destinationAddress="10.1.1.12" protocol="17" sourcePort="49153" destinationPort="9">
      <Dscp value="0x0" packets="3515" />
    </Flow>
    <Flow flowId="25" sourceAddress="10.1.1.43" destinationAddress="10.1.1.48" protocol="17" sourcePort="49153" destinationPort="9">
      <Dscp value="0x0" packets="3497" />
    </Flow>
    <Flow flowId="36" sourceAddress="10.1.1.44" destinationAddress="10.1.1.11" protocol="17" sourcePort="49153" destinationPort="9">
      <Dscp value="0x0" packets="3491" />
    </Flow>
    <Flow flowId="27" sourceAddress="10.1.1.45" destinationAddress="10.1.1.23" protocol="17" sourcePort="49153" destinationPort="9">
      <Dscp value="0x0" packets="3493" />
    </Flow>
    <Flow flowId="28" sourceAddress="10.1.1.46" destinationAddress="10.1.1.9" protocol="17" sourcePort="49153" destinationPort="9">
      <Dscp value="0x0" packets="3493" />
    </Flow>
    <Flow flowId="50" sourceAddress="10.1.1.47" destinationAddress="10.1.1.14" protocol="17" sourcePort="49153" destinationPort="9">
      <Dscp value="0x0" packets="3472" />
    </Flow>
    <Flow flowId="43" sourceAddress="10.1.1.48" destinationAddress="10.1.1.20" protocol="17" sourcePort="49153" destinationPort="9">
      <Dscp value="0x0" packets="3491" />
    </Flow>
    <Flow flowId="4" sourceAddress="10.1.1.49" destinationAddress="10.1.1.48" protocol="17" sourcePort="49153" destinationPort="9">
      <Dscp value="0x0" packets="3515" />
    </Flow>
    <Flow flowId="1" sourceAddress="10.1.1.50" destinationAddress="10.1.1.27" protocol="17" sourcePort="49153" destinationPort="9">
      <Dscp value="0x0" packets="3515" />
    </Flow>
  </Ipv4FlowClassifier>
  <Ipv6FlowClassifier>
  </Ipv6FlowClassifier>
  <FlowProbes>
    <FlowProbe index="0">
      <FlowStats  flowId="17" packets="3509" bytes="3691468" delayFromFirstProbeSum="+0ns" >
      </FlowStats>
    </FlowProbe>
    <FlowProbe index="1">
    </FlowProbe>
    <FlowProbe index="2">
      <FlowStats  flowId="10" packets="3515" bytes="3697780" delayFromFirstProbeSum="+0ns" >
      </FlowStats>
    </FlowProbe>
    <FlowProbe index="3">
    </FlowProbe>
    <FlowProbe index="4">
      <FlowStats  flowId="31" packets="3491" bytes="3672532" delayFromFirstProbeSum="+0ns" >
      </FlowStats>
    </FlowProbe>
    <FlowProbe index="5">
    </FlowProbe>
    <FlowProbe index="6">
      <FlowStats  flowId="42" packets="3491" bytes="3672532" delayFromFirstProbeSum="+0ns" >
      </FlowStats>
    </FlowProbe>
    <FlowProbe index="7">
    </FlowProbe>
    <FlowProbe index="8">
      <FlowStats  flowId="32" packets="3491" bytes="3672532" delayFromFirstProbeSum="+0ns" >
      </FlowStats>
    </FlowProbe>
    <FlowProbe index="9">
    </FlowProbe>
    <FlowProbe index="10">
      <FlowStats  flowId="46" packets="3485" bytes="3666220" delayFromFirstProbeSum="+0ns" >
      </FlowStats>
    </FlowProbe>
    <FlowProbe index="11">
    </FlowProbe>
    <FlowProbe index="12">
      <FlowStats  flowId="37" packets="3491" bytes="3672532" delayFromFirstProbeSum="+0ns" >
      </FlowStats>
    </FlowProbe>
    <FlowProbe index="13">
    </FlowProbe>
    <FlowProbe index="14">
      <FlowStats  flowId="9" packets="3515" bytes="3697780" delayFromFirstProbeSum="+0ns" >
      </FlowStats>
    </FlowProbe>
    <FlowProbe index="15">
    </FlowProbe>
    <FlowProbe index="16">
      <FlowStats  flowId="8" packets="3515" bytes="3697780" delayFromFirstProbeSum="+0ns" >
      </FlowStats>
    </FlowProbe>
    <FlowProbe index="17">
    </FlowProbe>
    <FlowProbe index="18">
      <FlowStats  flowId="19" packets="3504" bytes="3686208" delayFromFirstProbeSum="+0ns" >
      </FlowStats>
    </FlowProbe>
    <FlowProbe index="19">
    </FlowProbe>
    <FlowProbe index="20">
      <FlowStats  flowId="40" packets="3491" bytes="3672532" delayFromFirstProbeSum="+0ns" >
      </FlowStats>
    </FlowProbe>
    <FlowProbe index="21">
    </FlowProbe>
    <FlowProbe index="22">
      <FlowStats  flowId="5" packets="3515" bytes="3697780" delayFromFirstProbeSum="+0ns" >
      </FlowStats>
    </FlowProbe>
    <FlowProbe index="23">
    </FlowProbe>
    <FlowProbe index="24">
      <FlowStats  flowId="49" packets="3482" bytes="3663064" delayFromFirstProbeSum="+0ns" >
      </FlowStats>
    </FlowProbe>
    <FlowProbe index="25">
    </FlowProbe>
    <FlowProbe index="26">
      <FlowStats  flowId="44" packets="3489" bytes="3670428" delayFromFirstProbeSum="+0ns" >
      </FlowStats>
    </FlowProbe>
    <FlowProbe index="27">
    </FlowProbe>
    <FlowProbe index="28">
      <FlowStats  flowId="30" packets="3491" bytes="3672532" delayFromFirstProbeSum="+0ns" >
      </FlowStats>
    </FlowProbe>
    <FlowProbe index="29">
    </FlowProbe>
    <FlowProbe index="30">
      <FlowStats  flowId="48" packets="3483" bytes="3664116" delayFromFirstProbeSum="+0ns" >
      </FlowStats>
    </FlowProbe>
    <FlowProbe index="31">
    </FlowProbe>
    <FlowProbe index="32">
      <FlowStats  flowId="6" packets="3515" bytes="3697780" delayFromFirstProbeSum="+0ns" >
      </FlowStats>
    </FlowProbe>
    <FlowProbe index="33">
    </FlowProbe>
    <FlowProbe index="34">
      <FlowStats  flowId="33" packets="3491" bytes="3672532" delayFromFirstProbeSum="+0ns" >
      </FlowStats>
    </FlowProbe>
    <FlowProbe index="35">
    </FlowProbe>
    <FlowProbe index="36">
      <FlowStats  flowId="23" packets="3499" bytes="3680948" delayFromFirstProbeSum="+0ns" >
      </FlowStats>
    </FlowProbe>
    <FlowProbe index="37">
    </FlowProbe>
    <FlowProbe index="38">
      <FlowStats  flowId="24" packets="3497" bytes="3678844" delayFromFirstProbeSum="+0ns" >
      </FlowStats>
    </FlowProbe>
    <FlowProbe index="39">
    </FlowProbe>
    <FlowProbe index="40">
      <FlowStats  flowId="3" packets="3515" bytes="3697780" delayFromFirstProbeSum="+0ns" >
      </FlowStats>
    </FlowProbe>
    <FlowProbe index="41">
    </FlowProbe>
    <FlowProbe index="42">
      <FlowStats  flowId="21" packets="3500" bytes="3682000" delayFromFirstProbeSum="+0ns" >
      </FlowStats>
    </FlowProbe>
    <FlowProbe index="43">
    </FlowProbe>
    <FlowProbe index="44">
      <FlowStats  flowId="14" packets="3515" bytes="3697780" delayFromFirstProbeSum="+0ns" >
      </FlowStats>
    </FlowProbe>
    <FlowProbe index="45">
    </FlowProbe>
    <FlowProbe index="46">
      <FlowStats  flowId="15" packets="3511" bytes="3693572" delayFromFirstProbeSum="+0ns" >
      </FlowStats>
    </FlowProbe>
    <FlowProbe index="47">
    </FlowProbe>
    <FlowProbe index="48">
      <FlowStats  flowId="45" packets="3486" bytes="3667272" delayFromFirstProbeSum="+0ns" >
      </FlowStats>
    </FlowProbe>
    <FlowProbe index="49">
    </FlowProbe>
    <FlowProbe index="50">
      <FlowStats  flowId="29" packets="3491" bytes="3672532" delayFromFirstProbeSum="+0ns" >
      </FlowStats>
    </FlowProbe>
    <FlowProbe index="51">
    </FlowProbe>
    <FlowProbe index="52">
      <FlowStats  flowId="47" packets="3483" bytes="3664116" delayFromFirstProbeSum="+0ns" >
      </FlowStats>
    </FlowProbe>
    <FlowProbe index="53">
    </FlowProbe>
    <FlowProbe index="54">
      <FlowStats  flowId="22" packets="3499" bytes="3680948" delayFromFirstProbeSum="+0ns" >
      </FlowStats>
    </FlowProbe>
    <FlowProbe index="55">
    </FlowProbe>
    <FlowProbe index="56">
      <FlowStats  flowId="26" packets="3496" bytes="3677792" delayFromFirstProbeSum="+0ns" >
      </FlowStats>
    </FlowProbe>
    <FlowProbe index="57">
    </FlowProbe>
    <FlowProbe index="58">
      <FlowStats  flowId="39" packets="3491" bytes="3672532" delayFromFirstProbeSum="+0ns" >
      </FlowStats>
    </FlowProbe>
    <FlowProbe index="59">
    </FlowProbe>
    <FlowProbe index="60">
      <FlowStats  flowId="35" packets="3491" bytes="3672532" delayFromFirstProbeSum="+0ns" >
      </FlowStats>
    </FlowProbe>
    <FlowProbe index="61">
    </FlowProbe>
    <FlowProbe index="62">
      <FlowStats  flowId="12" packets="3515" bytes="3697780" delayFromFirstProbeSum="+0ns" >
      </FlowStats>
    </FlowProbe>
    <FlowProbe index="63">
    </FlowProbe>
    <FlowProbe index="64">
      <FlowStats  flowId="34" packets="3491" bytes="3672532" delayFromFirstProbeSum="+0ns" >
      </FlowStats>
    </FlowProbe>
    <FlowProbe index="65">
    </FlowProbe>
    <FlowProbe index="66">
      <FlowStats  flowId="38" packets="3491" bytes="3672532" delayFromFirstProbeSum="+0ns" >
      </FlowStats>
    </FlowProbe>
    <FlowProbe index="67">
    </FlowProbe>
    <FlowProbe index="68">
      <FlowStats  flowId="20" packets="3503" bytes="3685156" delayFromFirstProbeSum="+0ns" >
      </FlowStats>
    </FlowProbe>
    <FlowProbe index="69">
    </FlowProbe>
    <FlowProbe index="70">
      <FlowStats  flowId="11" packets="3515" bytes="3697780" delayFromFirstProbeSum="+0ns" >
      </FlowStats>
    </FlowProbe>
    <FlowProbe index="71">
    </FlowProbe>
    <FlowProbe index="72">
      <FlowStats  flowId="41" packets="3491" bytes="3672532" delayFromFirstProbeSum="+0ns" >
      </FlowStats>
    </FlowProbe>
    <FlowProbe index="73">
    </FlowProbe>
    <FlowProbe index="74">
      <FlowStats  flowId="7" packets="3515" bytes="3697780" delayFromFirstProbeSum="+0ns" >
      </FlowStats>
    </FlowProbe>
    <FlowProbe index="75">
    </FlowProbe>
    <FlowProbe index="76">
      <FlowStats  flowId="16" packets="3510" bytes="3692520" delayFromFirstProbeSum="+0ns" >
      </FlowStats>
    </FlowProbe>
    <FlowProbe index="77">
    </FlowProbe>
    <FlowProbe index="78">
      <FlowStats  flowId="18" packets="3504" bytes="3686208" delayFromFirstProbeSum="+0ns" >
      </FlowStats>
    </FlowProbe>
    <FlowProbe index="79">
    </FlowProbe>
    <FlowProbe index="80">
      <FlowStats  flowId="13" packets="3515" bytes="3697780" delayFromFirstProbeSum="+0ns" >
      </FlowStats>
    </FlowProbe>
    <FlowProbe index="81">
    </FlowProbe>
    <FlowProbe index="82">
      <FlowStats  flowId="2" packets="3515" bytes="3697780" delayFromFirstProbeSum="+0ns" >
      </FlowStats>
    </FlowProbe>
    <FlowProbe index="83">
    </FlowProbe>
    <FlowProbe index="84">
      <FlowStats  flowId="25" packets="3497" bytes="3678844" delayFromFirstProbeSum="+0ns" >
      </FlowStats>
    </FlowProbe>
    <FlowProbe index="85">
    </FlowProbe>
    <FlowProbe index="86">
      <FlowStats  flowId="36" packets="3491" bytes="3672532" delayFromFirstProbeSum="+0ns" >
      </FlowStats>
    </FlowProbe>
    <FlowProbe index="87">
    </FlowProbe>
    <FlowProbe index="88">
      <FlowStats  flowId="27" packets="3493" bytes="3674636" delayFromFirstProbeSum="+0ns" >
      </FlowStats>
    </FlowProbe>
    <FlowProbe index="89">
    </FlowProbe>
    <FlowProbe index="90">
      <FlowStats  flowId="28" packets="3493" bytes="3674636" delayFromFirstProbeSum="+0ns" >
      </FlowStats>
    </FlowProbe>
    <FlowProbe index="91">
    </FlowProbe>
    <FlowProbe index="92">
      <FlowStats  flowId="50" packets="3472" bytes="3652544" delayFromFirstProbeSum="+0ns" >
      </FlowStats>
    </FlowProbe>
    <FlowProbe index="93">
    </FlowProbe>
    <FlowProbe index="94">
      <FlowStats  flowId="43" packets="3491" bytes="3672532" delayFromFirstProbeSum="+0ns" >
      </FlowStats>
    </FlowProbe>
    <FlowProbe index="95">
    </FlowProbe>
    <FlowProbe index="96">
      <FlowStats  flowId="4" packets="3515" bytes="3697780" delayFromFirstProbeSum="+0ns" >
      </FlowStats>
    </FlowProbe>
    <FlowProbe index="97">
    </FlowProbe>
    <FlowProbe index="98">
      <FlowStats  flowId="1" packets="3515" bytes="3697780" delayFromFirstProbeSum="+0ns" >
      </FlowStats>
    </FlowProbe>
    <FlowProbe index="99">
    </FlowProbe>
  </FlowProbes>
</FlowMonitor>
